
> lint:style
> node scripts/perch-style.mjs --live packages/symbols/main.bend --output=packages/symbols/receipts/memetic-review-2026-09-26/style.json

0/15 declarations meet all 3 style targets.
Maximally big brain: 13 meet target; 0 below target; 2 uncertain.
Delightful to read — high dopamine: 3 meet target; 3 below target; 9 uncertain.
Highly memetic: 0 meet target; 15 below target; 0 uncertain.
uncertain: packages/symbols/main.bend::Error / maximally_big_brain (50% at level 3+) [limited context]
uncertain: packages/symbols/main.bend::Error / delightful_to_read (41% at level 3+) [limited context]
below_target: packages/symbols/main.bend::Error / highly_memetic (7% at level 3+) [limited context]
uncertain: packages/symbols/main.bend::Table / delightful_to_read (44% at level 3+) [limited context]
below_target: packages/symbols/main.bend::Table / highly_memetic (4% at level 3+) [limited context]
below_target: packages/symbols/main.bend::Table.bounded / highly_memetic (3% at level 3+)
uncertain: packages/symbols/main.bend::Table.new / delightful_to_read (48% at level 3+)
below_target: packages/symbols/main.bend::Table.new / highly_memetic (2% at level 3+)
uncertain: packages/symbols/main.bend::metadata / delightful_to_read (52% at level 3+)
below_target: packages/symbols/main.bend::metadata / highly_memetic (5% at level 3+)
below_target: packages/symbols/main.bend::Table.length / delightful_to_read (39% at level 3+)
below_target: packages/symbols/main.bend::Table.length / highly_memetic (3% at level 3+)
uncertain: packages/symbols/main.bend::Table.limit / delightful_to_read (52% at level 3+)
below_target: packages/symbols/main.bend::Table.limit / highly_memetic (3% at level 3+)
uncertain: packages/symbols/main.bend::found / delightful_to_read (56% at level 3+)
below_target: packages/symbols/main.bend::found / highly_memetic (2% at level 3+)
below_target: packages/symbols/main.bend::Table.find / delightful_to_read (31% at level 3+)
below_target: packages/symbols/main.bend::Table.find / highly_memetic (5% at level 3+)
below_target: packages/symbols/main.bend::inserted / highly_memetic (3% at level 3+)
uncertain: packages/symbols/main.bend::append_name / delightful_to_read (55% at level 3+)
below_target: packages/symbols/main.bend::append_name / highly_memetic (8% at level 3+)
uncertain: packages/symbols/main.bend::intern_found / delightful_to_read (59% at level 3+)
below_target: packages/symbols/main.bend::intern_found / highly_memetic (11% at level 3+)
uncertain: packages/symbols/main.bend::Table.intern / maximally_big_brain (55% at level 3+)
below_target: packages/symbols/main.bend::Table.intern / highly_memetic (16% at level 3+)
uncertain: packages/symbols/main.bend::resolved / delightful_to_read (44% at level 3+)
below_target: packages/symbols/main.bend::resolved / highly_memetic (2% at level 3+)
below_target: packages/symbols/main.bend::Table.resolve / delightful_to_read (32% at level 3+)
below_target: packages/symbols/main.bend::Table.resolve / highly_memetic (4% at level 3+)

Maximally big brain
1. packages/symbols/main.bend::Table.bounded
2. packages/symbols/main.bend::metadata (near tie above)
3. packages/symbols/main.bend::Table.limit (near tie above)
4. packages/symbols/main.bend::found (near tie above)
4. packages/symbols/main.bend::Table.length (near tie above)
4. packages/symbols/main.bend::Table.new (near tie above)
7. packages/symbols/main.bend::append_name (near tie above)
8. packages/symbols/main.bend::inserted (near tie above)
9. packages/symbols/main.bend::intern_found (near tie above)
10. packages/symbols/main.bend::Table (near tie above) [limited context]
11. packages/symbols/main.bend::Table.find (near tie above)
12. packages/symbols/main.bend::Table.resolve (near tie above)
13. packages/symbols/main.bend::Table.intern (near tie above)
14. packages/symbols/main.bend::resolved (near tie above)
15. packages/symbols/main.bend::Error (near tie above) [limited context]

Delightful to read — high dopamine
1. packages/symbols/main.bend::Table.bounded
2. packages/symbols/main.bend::Table.intern (near tie above)
3. packages/symbols/main.bend::inserted (near tie above)
4. packages/symbols/main.bend::intern_found (near tie above)
5. packages/symbols/main.bend::found (near tie above)
5. packages/symbols/main.bend::Table.new (near tie above)
7. packages/symbols/main.bend::append_name (near tie above)
8. packages/symbols/main.bend::Table.limit (near tie above)
9. packages/symbols/main.bend::metadata (near tie above)
10. packages/symbols/main.bend::Table (near tie above) [limited context]
11. packages/symbols/main.bend::resolved (near tie above)
12. packages/symbols/main.bend::Error (near tie above) [limited context]
13. packages/symbols/main.bend::Table.length (near tie above)
14. packages/symbols/main.bend::Table.resolve (near tie above)
15. packages/symbols/main.bend::Table.find (near tie above)

Highly memetic
1. packages/symbols/main.bend::Table.intern
2. packages/symbols/main.bend::intern_found (near tie above)
3. packages/symbols/main.bend::append_name (near tie above)
4. packages/symbols/main.bend::Error (near tie above) [limited context]
5. packages/symbols/main.bend::Table (near tie above) [limited context]
6. packages/symbols/main.bend::Table.resolve (near tie above)
7. packages/symbols/main.bend::inserted (near tie above)
8. packages/symbols/main.bend::metadata (near tie above)
9. packages/symbols/main.bend::Table.find (near tie above)
10. packages/symbols/main.bend::Table.bounded (near tie above)
11. packages/symbols/main.bend::resolved (near tie above)
12. packages/symbols/main.bend::Table.limit (near tie above)
13. packages/symbols/main.bend::Table.length (near tie above)
14. packages/symbols/main.bend::found (near tie above)
15. packages/symbols/main.bend::Table.new (near tie above)

Advisory taste ranking; 15 parsed units; jev-1.13.0. Receipt: .perch/usage/2026-09-27T02-07-13.633Z-1d60bf08-048d-4c63-9f4b-134158996f35.json
