
> lint:style
> node scripts/perch-style.mjs --live packages/output_builder/bytes.bend --reuse=docs/perch-calibration/style-project-2026-09-26.json.gz --output=packages/output_builder/campaigns/output-builder-grammar-1/style.json

0/17 declarations meet all 3 style targets.
Maximally big brain: 16 meet target; 0 below target; 1 uncertain.
Delightful to read — high dopamine: 12 meet target; 3 below target; 2 uncertain.
Highly memetic: 0 meet target; 16 below target; 1 uncertain.
below_target: packages/output_builder/bytes.bend::Tree / highly_memetic (14% at level 3+)
uncertain: packages/output_builder/bytes.bend::Builder / delightful_to_read (59% at level 3+) [limited context]
below_target: packages/output_builder/bytes.bend::Builder / highly_memetic (8% at level 3+) [limited context]
below_target: packages/output_builder/bytes.bend::Error / highly_memetic (33% at level 3+) [limited context]
below_target: packages/output_builder/bytes.bend::empty / highly_memetic (0% at level 3+)
below_target: packages/output_builder/bytes.bend::length / delightful_to_read (16% at level 3+)
below_target: packages/output_builder/bytes.bend::length / highly_memetic (0% at level 3+)
below_target: packages/output_builder/bytes.bend::limit / delightful_to_read (12% at level 3+)
below_target: packages/output_builder/bytes.bend::limit / highly_memetic (0% at level 3+)
below_target: packages/output_builder/bytes.bend::guard / highly_memetic (22% at level 3+)
below_target: packages/output_builder/bytes.bend::scan / highly_memetic (36% at level 3+)
below_target: packages/output_builder/bytes.bend::join / highly_memetic (9% at level 3+)
below_target: packages/output_builder/bytes.bend::attach / highly_memetic (9% at level 3+)
uncertain: packages/output_builder/bytes.bend::append / highly_memetic (55% at level 3+)
below_target: packages/output_builder/bytes.bend::fragment / highly_memetic (26% at level 3+)
uncertain: packages/output_builder/bytes.bend::byte / delightful_to_read (57% at level 3+)
below_target: packages/output_builder/bytes.bend::byte / highly_memetic (27% at level 3+)
below_target: packages/output_builder/bytes.bend::combine / highly_memetic (32% at level 3+)
below_target: packages/output_builder/bytes.bend::compose / highly_memetic (39% at level 3+)
below_target: packages/output_builder/bytes.bend::emit / highly_memetic (3% at level 3+)
uncertain: packages/output_builder/bytes.bend::finish / maximally_big_brain (54% at level 3+)
below_target: packages/output_builder/bytes.bend::finish / delightful_to_read (19% at level 3+)
below_target: packages/output_builder/bytes.bend::finish / highly_memetic (4% at level 3+)

Maximally big brain
1. packages/output_builder/bytes.bend::combine
2. packages/output_builder/bytes.bend::emit (near tie above)
3. packages/output_builder/bytes.bend::empty (near tie above)
4. packages/output_builder/bytes.bend::compose (near tie above)
5. packages/output_builder/bytes.bend::attach (near tie above)
6. packages/output_builder/bytes.bend::fragment (near tie above)
7. packages/output_builder/bytes.bend::join (near tie above)
8. packages/output_builder/bytes.bend::append (near tie above)
8. packages/output_builder/bytes.bend::guard (near tie above)
8. packages/output_builder/bytes.bend::scan (near tie above)
11. packages/output_builder/bytes.bend::byte (near tie above)
12. packages/output_builder/bytes.bend::Error (near tie above) [limited context]
12. packages/output_builder/bytes.bend::Tree (near tie above)
14. packages/output_builder/bytes.bend::Builder (near tie above) [limited context]
15. packages/output_builder/bytes.bend::length (near tie above)
16. packages/output_builder/bytes.bend::limit
17. packages/output_builder/bytes.bend::finish (near tie above)

Delightful to read — high dopamine
1. packages/output_builder/bytes.bend::combine
2. packages/output_builder/bytes.bend::guard (near tie above)
3. packages/output_builder/bytes.bend::Error (near tie above) [limited context]
4. packages/output_builder/bytes.bend::emit (near tie above)
4. packages/output_builder/bytes.bend::scan (near tie above)
6. packages/output_builder/bytes.bend::Tree (near tie above)
7. packages/output_builder/bytes.bend::fragment (near tie above)
8. packages/output_builder/bytes.bend::empty (near tie above)
9. packages/output_builder/bytes.bend::attach (near tie above)
10. packages/output_builder/bytes.bend::append (near tie above)
11. packages/output_builder/bytes.bend::byte (near tie above)
12. packages/output_builder/bytes.bend::compose (near tie above)
13. packages/output_builder/bytes.bend::join (near tie above)
14. packages/output_builder/bytes.bend::Builder (near tie above) [limited context]
15. packages/output_builder/bytes.bend::finish
16. packages/output_builder/bytes.bend::length (near tie above)
17. packages/output_builder/bytes.bend::limit (near tie above)

Highly memetic
1. packages/output_builder/bytes.bend::append
2. packages/output_builder/bytes.bend::compose (near tie above)
2. packages/output_builder/bytes.bend::scan (near tie above)
4. packages/output_builder/bytes.bend::Error (near tie above) [limited context]
5. packages/output_builder/bytes.bend::combine (near tie above)
6. packages/output_builder/bytes.bend::guard (near tie above)
7. packages/output_builder/bytes.bend::fragment (near tie above)
8. packages/output_builder/bytes.bend::byte (near tie above)
9. packages/output_builder/bytes.bend::Tree (near tie above)
10. packages/output_builder/bytes.bend::Builder (near tie above) [limited context]
10. packages/output_builder/bytes.bend::join (near tie above)
12. packages/output_builder/bytes.bend::attach (near tie above)
13. packages/output_builder/bytes.bend::emit (near tie above)
14. packages/output_builder/bytes.bend::finish
15. packages/output_builder/bytes.bend::empty (near tie above)
16. packages/output_builder/bytes.bend::length (near tie above)
17. packages/output_builder/bytes.bend::limit (near tie above)

Advisory taste ranking; 17 parsed units; jev-1.13.0. Receipt: .perch/usage/2026-09-27T00-25-40.545Z-dae25bd1-f044-409f-9e84-cb03941b30c6.json
