
> lint:verify
> node --test tests/perch-workflow.test.mjs tests/perch-incremental.test.mjs tests/perch-bend-parser.test.mjs tests/perch-bend-integration.test.mjs tests/perch-source-rules.test.mjs tests/perch-style.test.mjs tests/perch-potential.test.mjs tests/perch-style-role.test.mjs tests/perch-style-campaign.test.mjs && node scripts/check-law-rule-wiring.mjs

TAP version 13
# Perch 0.3.5: .bend parser enabled (language-pack-1.20-v3+knot-bend-db5b4e874fbd74a4).
# Perch 0.3.5: .bend parser enabled (language-pack-1.20-v3+knot-bend-db5b4e874fbd74a4).
# Subtest: pinned installation is repeatable and refuses unknown bundle contents
ok 1 - pinned installation is repeatable and refuses unknown bundle contents
  ---
  duration_ms: 215.852375
  type: 'test'
  ...
# Subtest: file checks run real method rules per working-copy declaration with relevant helper and law context
ok 2 - file checks run real method rules per working-copy declaration with relevant helper and law context
  ---
  duration_ms: 617.424042
  type: 'test'
  ...
# Subtest: working-copy helper traversal is bounded and reports context limits
ok 3 - working-copy helper traversal is bounded and reports context limits
  ---
  duration_ms: 7.732208
  type: 'test'
  ...
# Subtest: real CLI parses Bend-only scans, imports and method targets; syntax failure sends no model request
ok 4 - real CLI parses Bend-only scans, imports and method targets; syntax failure sends no model request
  ---
  duration_ms: 592.339875
  type: 'test'
  ...
# Subtest: parallel file checks preserve requests and ordering, isolate budgets, refresh rules and drain failures
ok 5 - parallel file checks preserve requests and ordering, isolate budgets, refresh rules and drain failures
  ---
  duration_ms: 422.904625
  type: 'test'
  ...
# Subtest: actual pinned parser, provenance, and Base source are available without the toolchain
ok 6 - actual pinned parser, provenance, and Base source are available without the toolchain
  ---
  duration_ms: 2.794709
  type: 'test'
  ...
# Subtest: multiline signatures, quantity binders, ADTs, nested matches, unsafe definitions, and local calls
ok 7 - multiline signatures, quantity binders, ADTs, nested matches, unsafe definitions, and local calls
  ---
  duration_ms: 29.265
  type: 'test'
  ...
# Subtest: static call/value distinction includes zero-argument calls and excludes bound dynamic calls
ok 8 - static call/value distinction includes zero-argument calls and excludes bound dynamic calls
  ---
  duration_ms: 17.572166
  type: 'test'
  ...
# Subtest: law and local fill have one target, separate law range, and no intervening declaration leakage
ok 9 - law and local fill have one target, separate law range, and no intervening declaration leakage
  ---
  duration_ms: 27.42175
  type: 'test'
  ...
# Subtest: UTF-8 byte offsets and columns preserve Unicode strings/comments and exclude trailing trivia
ok 10 - UTF-8 byte offsets and columns preserve Unicode strings/comments and exclude trailing trivia
  ---
  duration_ms: 10.672666
  type: 'test'
  ...
# Subtest: imported laws, constructor patterns, template calls parse with honest dependency diagnostics
ok 11 - imported laws, constructor patterns, template calls parse with honest dependency diagnostics
  ---
  duration_ms: 12.882625
  type: 'test'
  ...
# Subtest: dependency-context failure differs from malformed local syntax
ok 12 - dependency-context failure differs from malformed local syntax
  ---
  duration_ms: 19.344708
  type: 'test'
  ...
# Subtest: malformed Bend is rejected with no successful partial declaration list
ok 13 - malformed Bend is rejected with no successful partial declaration list
  ---
  duration_ms: 33.3125
  type: 'test'
  ...
# Subtest: analysis does not load imports, foreign code, network, or caches
ok 14 - analysis does not load imports, foreign code, network, or caches
  ---
  duration_ms: 9.132417
  type: 'test'
  ...
# Subtest: every current nonignored package and research Bend source parses with bounded, exact source ranges
ok 15 - every current nonignored package and research Bend source parses with bounded, exact source ranges
  ---
  duration_ms: 819.868792
  type: 'test'
  ...
# Subtest: incremental scans reuse exact answers and parser blobs across commits, including dependent contexts
ok 16 - incremental scans reuse exact answers and parser blobs across commits, including dependent contexts
  ---
  duration_ms: 927.346666
  type: 'test'
  ...
# Subtest: renamed method rules cannot carry an answer under the old question name
ok 17 - renamed method rules cannot carry an answer under the old question name
  ---
  duration_ms: 307.931958
  type: 'test'
  ...
# Subtest: renamed and deleted files, and failed dependent rereads, do not retain stale successful units
ok 18 - renamed and deleted files, and failed dependent rereads, do not retain stale successful units
  ---
  duration_ms: 715.797125
  type: 'test'
  ...
# Subtest: search reuse includes actual helper context, rule kind, threshold and an empty selection
ok 19 - search reuse includes actual helper context, rule kind, threshold and an empty selection
  ---
  duration_ms: 664.379375
  type: 'test'
  ...
# Subtest: parser cache corruption is a miss; transient failures never become persistent cache entries
ok 20 - parser cache corruption is a miss; transient failures never become persistent cache entries
  ---
  duration_ms: 267.873083
  type: 'test'
  ...
# Subtest: task request is source-blind and exact production request precedes all source judgments
ok 21 - task request is source-blind and exact production request precedes all source judgments
  ---
  duration_ms: 76.179667
  type: 'test'
  ...
# Subtest: high potential requires one complete composition Galaxy score, never individual helper novelty
ok 22 - high potential requires one complete composition Galaxy score, never individual helper novelty
  ---
  duration_ms: 24.309
  type: 'test'
  ...
# Subtest: low potential retains baseline standards and makes no composition provider call
ok 23 - low potential retains baseline standards and makes no composition provider call
  ---
  duration_ms: 34.947292
  type: 'test'
  ...
# Subtest: missing and uncertain potential stay explicitly advisory without blocking baseline success
ok 24 - missing and uncertain potential stay explicitly advisory without blocking baseline success
  ---
  duration_ms: 30.514834
  type: 'test'
  ...
# Subtest: composition failure cannot borrow passing declaration scores; raw family distribution remains visible
ok 25 - composition failure cannot borrow passing declaration scores; raw family distribution remains visible
  ---
  duration_ms: 15.907791
  type: 'test'
  ...
# Subtest: full selected files and known collaborator files determine composition scope and identity
ok 26 - full selected files and known collaborator files determine composition scope and identity
  ---
  duration_ms: 58.653542
  type: 'test'
  ...
# Subtest: unknown references or bounded full-source overflow withhold composition qualification
ok 27 - unknown references or bounded full-source overflow withhold composition qualification
  ---
  duration_ms: 31.122333
  type: 'test'
  ...
# Subtest: task precedence, task byte limit and default generic cohort never establish low potential
ok 28 - task precedence, task byte limit and default generic cohort never establish low potential
  ---
  duration_ms: 22.634875
  type: 'test'
  ...
# Subtest: warm cache reuses exact independent judgments; changed source keeps task answer but changes composition identity
ok 29 - warm cache reuses exact independent judgments; changed source keeps task answer but changes composition identity
  ---
  duration_ms: 37.026084
  type: 'test'
  ...
# Subtest: explicit v4 receipt reuse preserves both extra judgments and validates changed task input
ok 30 - explicit v4 receipt reuse preserves both extra judgments and validates changed task input
  ---
  duration_ms: 30.726917
  type: 'test'
  ...
# Subtest: task or collaborator edits during review prevent qualification and cache publication
ok 31 - task or collaborator edits during review prevent qualification and cache publication
  ---
  duration_ms: 9.754666
  type: 'test'
  ...
# Subtest: provider failure and model mismatch stop further phases and retain request identity
ok 32 - provider failure and model mismatch stop further phases and retain request identity
  ---
  duration_ms: 21.221208
  type: 'test'
  ...
# Subtest: project inventory never substitutes an implicit whole-project composition claim
ok 33 - project inventory never substitutes an implicit whole-project composition claim
  ---
  duration_ms: 44.048875
  type: 'test'
  ...
# Subtest: configuration and score validation preserve criticality independence and exact uncertainty
ok 34 - configuration and score validation preserve criticality independence and exact uncertainty
  ---
  duration_ms: 0.234375
  type: 'test'
  ...
# Subtest: all source rules select actual Bend declarations; packet rules keep file scope
ok 35 - all source rules select actual Bend declarations; packet rules keep file scope
  ---
  duration_ms: 232.064208
  type: 'test'
  ...
# Subtest: campaign retains unrated, stale-helper, missing and unparseable coverage instead of inheriting a pass
ok 36 - campaign retains unrated, stale-helper, missing and unparseable coverage instead of inheriting a pass
  ---
  duration_ms: 0.958625
  type: 'test'
  ...
# Subtest: only matching source, context, parser and rubric can carry a baseline target result
ok 37 - only matching source, context, parser and rubric can carry a baseline target result
  ---
  duration_ms: 0.748792
  type: 'test'
  ...
# Subtest: failed or empty baselines cannot make a campaign look covered
ok 38 - failed or empty baselines cannot make a campaign look covered
  ---
  duration_ms: 0.3645
  type: 'test'
  ...
# Subtest: a matching critical baseline still needs Galaxy brain under the historical v3 policy
ok 39 - a matching critical baseline still needs Galaxy brain under the historical v3 policy
  ---
  duration_ms: 1.052625
  type: 'test'
  ...
# Subtest: v4 matching declaration ratings do not establish task or composition qualification
ok 40 - v4 matching declaration ratings do not establish task or composition qualification
  ---
  duration_ms: 0.316292
  type: 'test'
  ...
# Subtest: v5 inventory retains role-adjusted declaration targets without inventing a composition pass
ok 41 - v5 inventory retains role-adjusted declaration targets without inventing a composition pass
  ---
  duration_ms: 0.238583
  type: 'test'
  ...
# Subtest: supporting roles scale only three axes, independently of criticality
ok 42 - supporting roles scale only three axes, independently of criticality
  ---
  duration_ms: 1.454208
  type: 'test'
  ...
# Subtest: leading and uncertain roles keep level3; truncation cannot establish a supporting exemption
ok 43 - leading and uncertain roles keep level3; truncation cannot establish a supporting exemption
  ---
  duration_ms: 28.122833
  type: 'test'
  ...
# Subtest: a helper named helper can be leading; public names do not override the classifier
ok 44 - a helper named helper can be leading; public names do not override the classifier
  ---
  duration_ms: 0.105917
  type: 'test'
  ...
# Subtest: missing task keeps potential advisory but always requires whole-composition three-axis evidence
ok 45 - missing task keeps potential advisory but always requires whole-composition three-axis evidence
  ---
  duration_ms: 44.841625
  type: 'test'
  ...
# Subtest: all-support declaration success cannot bypass a weak whole composition
ok 46 - all-support declaration success cannot bypass a weak whole composition
  ---
  duration_ms: 23.476125
  type: 'test'
  ...
# Subtest: low potential still grades composition; high potential adds only the Galaxy question
ok 47 - low potential still grades composition; high potential adds only the Galaxy question
  ---
  duration_ms: 47.46475
  type: 'test'
  ...
# Subtest: whole-project inventory remains explicit attention without a bounded composition group
ok 48 - whole-project inventory remains explicit attention without a bounded composition group
  ---
  duration_ms: 48.261167
  type: 'test'
  ...
# Subtest: role and composition judgments reuse exact requests; contribution policy changes invalidate cache
ok 49 - role and composition judgments reuse exact requests; contribution policy changes invalidate cache
  ---
  duration_ms: 44.576958
  type: 'test'
  ...
# Subtest: rank preflight uses exact parsed units and working-copy helpers; all inputs validate before paid calls
ok 50 - rank preflight uses exact parsed units and working-copy helpers; all inputs validate before paid calls
  ---
  duration_ms: 172.531083
  type: 'test'
  ...
# Subtest: one request carries three style questions, two diagnostics and criticality; receipts enforce only the selected bars
ok 51 - one request carries three style questions, two diagnostics and criticality; receipts enforce only the selected bars
  ---
  duration_ms: 45.583166
  type: 'test'
  ...
# Subtest: diagnostic extremes remain advisory for noncritical declarations and remain visible in CLI output
ok 52 - diagnostic extremes remain advisory for noncritical declarations and remain visible in CLI output
  ---
  duration_ms: 58.359042
  type: 'test'
  ...
# Subtest: truncated context skips diagnostic questions and reports unavailable rather than a fabricated low score
ok 53 - truncated context skips diagnostic questions and reports unavailable rather than a fabricated low score
  ---
  duration_ms: 12.152375
  type: 'test'
  ...
# Subtest: critical and uncertain declarations need both anticipation and payoff with their own target probability
ok 54 - critical and uncertain declarations need both anticipation and payoff with their own target probability
  ---
  duration_ms: 21.20825
  type: 'test'
  ...
# Subtest: invalid diagnostic configurations are rejected before any provider request
ok 55 - invalid diagnostic configurations are rejected before any provider request
  ---
  duration_ms: 1.965208
  type: 'test'
  ...
# Subtest: partial transport failure records incomplete coverage, stops requests, and never returns a partial ranking
ok 56 - partial transport failure records incomplete coverage, stops requests, and never returns a partial ranking
  ---
  duration_ms: 24.016208
  type: 'test'
  ...
# Subtest: a single existing declaration is assessed without a cohort or alternative; all axes must meet the bar
ok 57 - a single existing declaration is assessed without a cohort or alternative; all axes must meet the bar
  ---
  duration_ms: 17.125709
  type: 'test'
  ...
# Subtest: all declaration kinds have criticality and mandatory diagnostics; datatypes retain the ordinary big-brain bar
ok 58 - all declaration kinds have criticality and mandatory diagnostics; datatypes retain the ordinary big-brain bar
  ---
  duration_ms: 94.445667
  type: 'test'
  ...
# Subtest: uncertain or truncated criticality cannot lower the bar; Galaxy brain needs its own probability mass
ok 59 - uncertain or truncated criticality cannot lower the bar; Galaxy brain needs its own probability mass
  ---
  duration_ms: 0.926959
  type: 'test'
  ...
# Subtest: whole-project mode covers tracked and new Bend files, reports invalid and empty files, and excludes ignored installs
ok 60 - whole-project mode covers tracked and new Bend files, reports invalid and empty files, and excludes ignored installs
  ---
  duration_ms: 134.84775
  type: 'test'
  ...
# Subtest: command-local source snapshots parse shared helpers once, preserve import paths, and refresh on the next invocation
ok 61 - command-local source snapshots parse shared helpers once, preserve import paths, and refresh on the next invocation
  ---
  duration_ms: 87.537
  type: 'test'
  ...
# Subtest: snapshot loads remain inside the workspace and do not discover unrelated sources
ok 62 - snapshot loads remain inside the workspace and do not discover unrelated sources
  ---
  duration_ms: 10.217667
  type: 'test'
  ...
# Subtest: explicit reuse avoids paid repeats and invalidates when helper context changes
ok 63 - explicit reuse avoids paid repeats and invalidates when helper context changes
  ---
  duration_ms: 87.344834
  type: 'test'
  ...
# Subtest: concurrent responses preserve target attribution and changes during review are disclosed
ok 64 - concurrent responses preserve target attribution and changes during review are disclosed
  ---
  duration_ms: 45.020916
  type: 'test'
  ...
# Subtest: missing credentials, unauthorized responses, malformed scores and model drift cannot produce rankings
ok 65 - missing credentials, unauthorized responses, malformed scores and model drift cannot produce rankings
  ---
  duration_ms: 147.14675
  type: 'test'
  ...
# Subtest: default workers overlap and stay bounded; serial and out-of-order runs preserve complete review inputs and results
ok 66 - default workers overlap and stay bounded; serial and out-of-order runs preserve complete review inputs and results
  ---
  duration_ms: 24.143583
  type: 'test'
  ...
# Subtest: concurrent failure stops new dispatch, drains active requests, and saves completed rows in target order for explicit reuse
ok 67 - concurrent failure stops new dispatch, drains active requests, and saves completed rows in target order for explicit reuse
  ---
  duration_ms: 18.620709
  type: 'test'
  ...
# Subtest: jobs overrides exported concurrency, accepts the bounded maximum, and rejects invalid worker counts before requests
ok 68 - jobs overrides exported concurrency, accepts the bounded maximum, and rejects invalid worker counts before requests
  ---
  duration_ms: 57.750792
  type: 'test'
  ...
# Subtest: a changed provider model stops queued work and cannot be mixed with explicitly reused answers
ok 69 - a changed provider model stops queued work and cannot be mixed with explicitly reused answers
  ---
  duration_ms: 32.689
  type: 'test'
  ...
# Subtest: ties share a rank, near ties remain visible, and existing output is rejected before requests
ok 70 - ties share a rank, near ties remain visible, and existing output is rejected before requests
  ---
  duration_ms: 1.951958
  type: 'test'
  ...
# Subtest: incremental keeps full current coverage with zero warm requests and honest cached-model provenance
ok 71 - incremental keeps full current coverage with zero warm requests and honest cached-model provenance
  ---
  duration_ms: 38.782917
  type: 'test'
  ...
# Subtest: isolated declaration changes preserve exact unrelated requests while helper changes invalidate dependents
ok 72 - isolated declaration changes preserve exact unrelated requests while helper changes invalidate dependents
  ---
  duration_ms: 43.426708
  type: 'test'
  ...
# Subtest: rubric, requested model and effective endpoint changes invalidate incremental answers
ok 73 - rubric, requested model and effective endpoint changes invalidate incremental answers
  ---
  duration_ms: 131.288708
  type: 'test'
  ...
# Subtest: incremental inventories reflect deletions, renames and new invalid files without inheriting stale coverage
ok 74 - incremental inventories reflect deletions, renames and new invalid files without inheriting stale coverage
  ---
  duration_ms: 85.89475
  type: 'test'
  ...
# Subtest: interrupted reviews retain only valid fresh-source answers and corrupt cache records become misses
ok 75 - interrupted reviews retain only valid fresh-source answers and corrupt cache records become misses
  ---
  duration_ms: 73.491625
  type: 'test'
  ...
# Subtest: source-stale and model-drift runs do not seed the persistent cache or claim a clean result
ok 76 - source-stale and model-drift runs do not seed the persistent cache or claim a clean result
  ---
  duration_ms: 47.774541
  type: 'test'
  ...
# Subtest: fresh bypasses and replaces saved low or uncertain ratings; conflicting modes reject before requests
ok 77 - fresh bypasses and replaces saved low or uncertain ratings; conflicting modes reject before requests
  ---
  duration_ms: 73.544875
  type: 'test'
  ...
# Subtest: concurrent cache publication leaves complete independently validated records
ok 78 - concurrent cache publication leaves complete independently validated records
  ---
  duration_ms: 49.682958
  type: 'test'
  ...
# Subtest: actual Perch CLI retains useful evidence without treating blockers or zero coverage as passes
ok 79 - actual Perch CLI retains useful evidence without treating blockers or zero coverage as passes
  ---
  duration_ms: 912.980958
  type: 'test'
  ...
# Subtest: incremental scan receipts distinguish reused coverage from a fresh provider review
ok 80 - incremental scan receipts distinguish reused coverage from a fresh provider review
  ---
  duration_ms: 331.912625
  type: 'test'
  ...
# Subtest: bounded workers refill, preserve order and drain when a task fails
ok 81 - bounded workers refill, preserve order and drain when a task fails
  ---
  duration_ms: 6.729959
  type: 'test'
  ...
# Subtest: token memoization is exact under mutation, Unicode and bounded eviction
ok 82 - token memoization is exact under mutation, Unicode and bounded eviction
  ---
  duration_ms: 0.239291
  type: 'test'
  ...
# Subtest: provider semaphore bounds nested fan-out and drains arbitrary rejections
ok 83 - provider semaphore bounds nested fan-out and drains arbitrary rejections
  ---
  duration_ms: 4.805958
  type: 'test'
  ...
# Subtest: scan checkpoint accounts only for serialized rows when workers finish during append
ok 84 - scan checkpoint accounts only for serialized rows when workers finish during append
  ---
  duration_ms: 3.734667
  type: 'test'
  ...
1..84
# tests 84
# suites 0
# pass 84
# fail 0
# cancelled 0
# skipped 0
# todo 0
# duration_ms 3389.431583
PASS: eight law rules; package/family/control packet coverage; one request per packet; named filtering; advisory finding exit 3; unrelated path excluded; controls present.
No provider contacted. This verifies wiring, not model accuracy or law completeness.
