
> lint:style
> node scripts/perch-style.mjs --live --jobs=2 --task=src/style-campaign/central-laws-1/SPEC.md --reuse=src/style-campaign/central-laws-1/reviews/candidate-style.json.gz --output=src/style-campaign/central-laws-1/reviews/actual-source-style.json.gz src/check-LAWS.bend::empty_sequence_preserves_uses src/check-LAWS.bend::repeated_affine_level src/check-LAWS.bend::live_erased_occurrence src/check-LAWS.bend::erased_occurrence_preserves_identity src/check-LAWS.bend::refined_constructor_is_fresh

5/5 declarations meet all required style targets.
Potential profundity: low (0% relevant).
Composition: unavailable [unresolved_composition_context]. Overall qualification: attention.
Expressive role supporting: src/check-LAWS.bend::empty_sequence_preserves_uses requires level 2 on highly_memetic, level 2 on anticipation, level 2 on payoff.
Expressive role supporting: src/check-LAWS.bend::repeated_affine_level requires level 2 on highly_memetic, level 2 on anticipation, level 2 on payoff.
Expressive role supporting: src/check-LAWS.bend::live_erased_occurrence requires level 2 on highly_memetic, level 2 on anticipation, level 2 on payoff.
Expressive role supporting: src/check-LAWS.bend::erased_occurrence_preserves_identity requires level 2 on highly_memetic, level 2 on anticipation, level 2 on payoff.
Expressive role supporting: src/check-LAWS.bend::refined_constructor_is_fresh requires level 2 on highly_memetic, level 2 on anticipation, level 2 on payoff.
Maximally big brain: 5 meet target; 0 below target; 0 uncertain; 0 unavailable.
Delightful to read — high dopamine: 5 meet target; 0 below target; 0 uncertain; 0 unavailable.
Highly memetic: 5 meet target; 0 below target; 0 uncertain; 0 unavailable.
Anticipation: 5 meet target; 0 below target; 0 uncertain; 0 unavailable.
Payoff: 5 meet target; 0 below target; 0 uncertain; 0 unavailable.

Maximally big brain
1. src/check-LAWS.bend::empty_sequence_preserves_uses
2. src/check-LAWS.bend::erased_occurrence_preserves_identity (near tie above)
2. src/check-LAWS.bend::live_erased_occurrence (near tie above)
4. src/check-LAWS.bend::repeated_affine_level (near tie above)
5. src/check-LAWS.bend::refined_constructor_is_fresh (near tie above)

Delightful to read — high dopamine
1. src/check-LAWS.bend::empty_sequence_preserves_uses
1. src/check-LAWS.bend::erased_occurrence_preserves_identity (near tie above)
3. src/check-LAWS.bend::repeated_affine_level (near tie above)
4. src/check-LAWS.bend::refined_constructor_is_fresh (near tie above)
5. src/check-LAWS.bend::live_erased_occurrence (near tie above)

Highly memetic
1. src/check-LAWS.bend::erased_occurrence_preserves_identity
2. src/check-LAWS.bend::live_erased_occurrence (near tie above)
3. src/check-LAWS.bend::empty_sequence_preserves_uses (near tie above)
4. src/check-LAWS.bend::repeated_affine_level (near tie above)
5. src/check-LAWS.bend::refined_constructor_is_fresh (near tie above)

Anticipation (required at the expressive-role target)
src/check-LAWS.bend::empty_sequence_preserves_uses: 2.00/4 [limited context] [required]
src/check-LAWS.bend::repeated_affine_level: 1.89/4 [limited context] [required]
src/check-LAWS.bend::live_erased_occurrence: 1.99/4 [limited context] [required]
src/check-LAWS.bend::erased_occurrence_preserves_identity: 1.94/4 [limited context] [required]
src/check-LAWS.bend::refined_constructor_is_fresh: 1.86/4 [limited context] [required]

Payoff (required at the expressive-role target)
src/check-LAWS.bend::empty_sequence_preserves_uses: 2.02/4 [limited context] [required]
src/check-LAWS.bend::repeated_affine_level: 1.92/4 [limited context] [required]
src/check-LAWS.bend::live_erased_occurrence: 1.89/4 [limited context] [required]
src/check-LAWS.bend::erased_occurrence_preserves_identity: 1.94/4 [limited context] [required]
src/check-LAWS.bend::refined_constructor_is_fresh: 2.01/4 [limited context] [required]

Advisory taste ranking; 5 parsed units; jev-1.13.0. Receipt: .perch/usage/2026-09-27T17-11-39.647Z-4285ce00-3961-4dd9-91c7-d9f0d47a16dd.json
