
> lint:style
> node scripts/perch-style.mjs --live --jobs=2 --task=src/style-campaign/central-laws-1/SPEC.md --output=src/style-campaign/central-laws-1/reviews/baseline-style.json.gz .local/style-central-laws-1/check-LAWS.bend .local/style-central-laws-1/check-PROOF.bend

5/10 declarations meet all required style targets.
Potential profundity: low (0% relevant).
Composition: below_target. Overall qualification: attention.
Expressive role supporting: .local/style-central-laws-1/check-LAWS.bend::empty_sequence_preserves_uses requires level 2 on highly_memetic, level 2 on anticipation, level 2 on payoff.
Expressive role supporting: .local/style-central-laws-1/check-LAWS.bend::repeated_affine_level requires level 2 on highly_memetic, level 2 on anticipation, level 2 on payoff.
Expressive role supporting: .local/style-central-laws-1/check-LAWS.bend::live_erased_occurrence requires level 2 on highly_memetic, level 2 on anticipation, level 2 on payoff.
Expressive role supporting: .local/style-central-laws-1/check-LAWS.bend::erased_occurrence_preserves_identity requires level 2 on highly_memetic, level 2 on anticipation, level 2 on payoff.
Expressive role supporting: .local/style-central-laws-1/check-LAWS.bend::refined_constructor_is_fresh requires level 2 on highly_memetic, level 2 on anticipation, level 2 on payoff.
Expressive role supporting: .local/style-central-laws-1/check-PROOF.bend::L.empty_sequence_preserves_uses requires level 2 on highly_memetic, level 2 on anticipation, level 2 on payoff.
Expressive role supporting: .local/style-central-laws-1/check-PROOF.bend::L.repeated_affine_level requires level 2 on highly_memetic, level 2 on anticipation, level 2 on payoff.
Expressive role supporting: .local/style-central-laws-1/check-PROOF.bend::L.live_erased_occurrence requires level 2 on highly_memetic, level 2 on anticipation, level 2 on payoff.
Expressive role supporting: .local/style-central-laws-1/check-PROOF.bend::L.erased_occurrence_preserves_identity requires level 2 on highly_memetic, level 2 on anticipation, level 2 on payoff.
Expressive role supporting: .local/style-central-laws-1/check-PROOF.bend::L.refined_constructor_is_fresh requires level 2 on highly_memetic, level 2 on anticipation, level 2 on payoff.
Composition highly_memetic: below_target (24% at level 3+).
Composition anticipation: below_target (4% at level 3+).
Composition payoff: below_target (12% at level 3+).
Maximally big brain: 6 meet target; 2 below target; 2 uncertain; 0 unavailable.
Delightful to read — high dopamine: 5 meet target; 5 below target; 0 uncertain; 0 unavailable.
Highly memetic: 8 meet target; 1 below target; 1 uncertain; 0 unavailable.
Anticipation: 9 meet target; 0 below target; 1 uncertain; 0 unavailable.
Payoff: 5 meet target; 5 below target; 0 uncertain; 0 unavailable.
uncertain: .local/style-central-laws-1/check-PROOF.bend::L.empty_sequence_preserves_uses / maximally_big_brain (59% at level 3+)
below_target: .local/style-central-laws-1/check-PROOF.bend::L.empty_sequence_preserves_uses / delightful_to_read (30% at level 3+)
below_target: .local/style-central-laws-1/check-PROOF.bend::L.empty_sequence_preserves_uses / payoff (23% at level 2+)
below_target: .local/style-central-laws-1/check-PROOF.bend::L.repeated_affine_level / maximally_big_brain (18% at level 3+)
below_target: .local/style-central-laws-1/check-PROOF.bend::L.repeated_affine_level / delightful_to_read (13% at level 3+)
below_target: .local/style-central-laws-1/check-PROOF.bend::L.repeated_affine_level / highly_memetic (22% at level 2+)
uncertain: .local/style-central-laws-1/check-PROOF.bend::L.repeated_affine_level / anticipation (55% at level 2+)
below_target: .local/style-central-laws-1/check-PROOF.bend::L.repeated_affine_level / payoff (15% at level 2+)
below_target: .local/style-central-laws-1/check-PROOF.bend::L.live_erased_occurrence / maximally_big_brain (29% at level 3+)
below_target: .local/style-central-laws-1/check-PROOF.bend::L.live_erased_occurrence / delightful_to_read (18% at level 3+)
uncertain: .local/style-central-laws-1/check-PROOF.bend::L.live_erased_occurrence / highly_memetic (55% at level 2+)
below_target: .local/style-central-laws-1/check-PROOF.bend::L.live_erased_occurrence / payoff (11% at level 2+)
below_target: .local/style-central-laws-1/check-PROOF.bend::L.erased_occurrence_preserves_identity / delightful_to_read (35% at level 3+)
below_target: .local/style-central-laws-1/check-PROOF.bend::L.erased_occurrence_preserves_identity / payoff (24% at level 2+)
uncertain: .local/style-central-laws-1/check-PROOF.bend::L.refined_constructor_is_fresh / maximally_big_brain (59% at level 3+)
below_target: .local/style-central-laws-1/check-PROOF.bend::L.refined_constructor_is_fresh / delightful_to_read (33% at level 3+)
below_target: .local/style-central-laws-1/check-PROOF.bend::L.refined_constructor_is_fresh / payoff (26% at level 2+)

Maximally big brain
1. .local/style-central-laws-1/check-LAWS.bend::empty_sequence_preserves_uses
2. .local/style-central-laws-1/check-LAWS.bend::live_erased_occurrence (near tie above)
3. .local/style-central-laws-1/check-LAWS.bend::erased_occurrence_preserves_identity (near tie above)
4. .local/style-central-laws-1/check-LAWS.bend::refined_constructor_is_fresh (near tie above)
5. .local/style-central-laws-1/check-LAWS.bend::repeated_affine_level (near tie above)
6. .local/style-central-laws-1/check-PROOF.bend::L.erased_occurrence_preserves_identity
7. .local/style-central-laws-1/check-PROOF.bend::L.empty_sequence_preserves_uses (near tie above)
8. .local/style-central-laws-1/check-PROOF.bend::L.refined_constructor_is_fresh (near tie above)
9. .local/style-central-laws-1/check-PROOF.bend::L.live_erased_occurrence
10. .local/style-central-laws-1/check-PROOF.bend::L.repeated_affine_level

Delightful to read — high dopamine
1. .local/style-central-laws-1/check-LAWS.bend::empty_sequence_preserves_uses
2. .local/style-central-laws-1/check-LAWS.bend::erased_occurrence_preserves_identity (near tie above)
3. .local/style-central-laws-1/check-LAWS.bend::live_erased_occurrence (near tie above)
4. .local/style-central-laws-1/check-LAWS.bend::repeated_affine_level (near tie above)
5. .local/style-central-laws-1/check-LAWS.bend::refined_constructor_is_fresh (near tie above)
6. .local/style-central-laws-1/check-PROOF.bend::L.erased_occurrence_preserves_identity
7. .local/style-central-laws-1/check-PROOF.bend::L.empty_sequence_preserves_uses (near tie above)
7. .local/style-central-laws-1/check-PROOF.bend::L.refined_constructor_is_fresh (near tie above)
9. .local/style-central-laws-1/check-PROOF.bend::L.live_erased_occurrence
10. .local/style-central-laws-1/check-PROOF.bend::L.repeated_affine_level

Highly memetic
1. .local/style-central-laws-1/check-LAWS.bend::erased_occurrence_preserves_identity
2. .local/style-central-laws-1/check-LAWS.bend::live_erased_occurrence (near tie above)
3. .local/style-central-laws-1/check-LAWS.bend::empty_sequence_preserves_uses (near tie above)
4. .local/style-central-laws-1/check-LAWS.bend::refined_constructor_is_fresh (near tie above)
5. .local/style-central-laws-1/check-LAWS.bend::repeated_affine_level (near tie above)
6. .local/style-central-laws-1/check-PROOF.bend::L.erased_occurrence_preserves_identity
7. .local/style-central-laws-1/check-PROOF.bend::L.empty_sequence_preserves_uses (near tie above)
8. .local/style-central-laws-1/check-PROOF.bend::L.refined_constructor_is_fresh (near tie above)
9. .local/style-central-laws-1/check-PROOF.bend::L.live_erased_occurrence (near tie above)
10. .local/style-central-laws-1/check-PROOF.bend::L.repeated_affine_level

Anticipation (required at the expressive-role target)
.local/style-central-laws-1/check-LAWS.bend::empty_sequence_preserves_uses: 2.03/4 [limited context] [required]
.local/style-central-laws-1/check-LAWS.bend::repeated_affine_level: 1.86/4 [limited context] [required]
.local/style-central-laws-1/check-LAWS.bend::live_erased_occurrence: 1.99/4 [limited context] [required]
.local/style-central-laws-1/check-LAWS.bend::erased_occurrence_preserves_identity: 1.99/4 [limited context] [required]
.local/style-central-laws-1/check-LAWS.bend::refined_constructor_is_fresh: 1.82/4 [limited context] [required]
.local/style-central-laws-1/check-PROOF.bend::L.empty_sequence_preserves_uses: 1.90/4 [required]
.local/style-central-laws-1/check-PROOF.bend::L.repeated_affine_level: 1.41/4 [required]
.local/style-central-laws-1/check-PROOF.bend::L.live_erased_occurrence: 1.61/4 [required]
.local/style-central-laws-1/check-PROOF.bend::L.erased_occurrence_preserves_identity: 1.79/4 [required]
.local/style-central-laws-1/check-PROOF.bend::L.refined_constructor_is_fresh: 1.65/4 [required]

Payoff (required at the expressive-role target)
.local/style-central-laws-1/check-LAWS.bend::empty_sequence_preserves_uses: 2.05/4 [limited context] [required]
.local/style-central-laws-1/check-LAWS.bend::repeated_affine_level: 1.89/4 [limited context] [required]
.local/style-central-laws-1/check-LAWS.bend::live_erased_occurrence: 2.00/4 [limited context] [required]
.local/style-central-laws-1/check-LAWS.bend::erased_occurrence_preserves_identity: 2.04/4 [limited context] [required]
.local/style-central-laws-1/check-LAWS.bend::refined_constructor_is_fresh: 2.03/4 [limited context] [required]
.local/style-central-laws-1/check-PROOF.bend::L.empty_sequence_preserves_uses: 0.52/4 [required]
.local/style-central-laws-1/check-PROOF.bend::L.repeated_affine_level: 0.35/4 [required]
.local/style-central-laws-1/check-PROOF.bend::L.live_erased_occurrence: 0.27/4 [required]
.local/style-central-laws-1/check-PROOF.bend::L.erased_occurrence_preserves_identity: 0.57/4 [required]
.local/style-central-laws-1/check-PROOF.bend::L.refined_constructor_is_fresh: 0.61/4 [required]

Advisory taste ranking; 10 parsed units; jev-1.13.0. Receipt: .perch/usage/2026-09-27T17-07-30.874Z-2b730b7a-424f-4201-bc09-0b9b712f0a67.json
