
> lint:style
> node scripts/perch-style.mjs --live --jobs=2 --task=src/style-campaign/central-laws-1/SPEC.md --reuse=src/style-campaign/central-laws-1/reviews/baseline-style.json.gz --output=src/style-campaign/central-laws-1/reviews/candidate-style.json.gz .local/style-central-laws-1/check-LAWS.bend .local/style-central-laws-1/check-PROOF.bend

5/10 declarations meet all required style targets.
Potential profundity: low (0% relevant).
Composition: below_target. Overall qualification: attention.
Expressive role supporting: .local/style-central-laws-1/check-LAWS.bend::empty_sequence_preserves_uses requires level 2 on highly_memetic, level 2 on anticipation, level 2 on payoff.
Expressive role supporting: .local/style-central-laws-1/check-LAWS.bend::repeated_affine_level requires level 2 on highly_memetic, level 2 on anticipation, level 2 on payoff.
Expressive role supporting: .local/style-central-laws-1/check-LAWS.bend::live_erased_occurrence requires level 2 on highly_memetic, level 2 on anticipation, level 2 on payoff.
Expressive role supporting: .local/style-central-laws-1/check-LAWS.bend::erased_occurrence_preserves_identity requires level 2 on highly_memetic, level 2 on anticipation, level 2 on payoff.
Expressive role supporting: .local/style-central-laws-1/check-LAWS.bend::refined_constructor_is_fresh requires level 2 on highly_memetic, level 2 on anticipation, level 2 on payoff.
Expressive role supporting: .local/style-central-laws-1/check-PROOF.bend::L.empty_sequence_preserves_uses requires level 2 on highly_memetic, level 2 on anticipation, level 2 on payoff.
Expressive role supporting: .local/style-central-laws-1/check-PROOF.bend::L.repeated_affine_level requires level 2 on highly_memetic, level 2 on anticipation, level 2 on payoff.
Expressive role supporting: .local/style-central-laws-1/check-PROOF.bend::L.live_erased_occurrence requires level 2 on highly_memetic, level 2 on anticipation, level 2 on payoff.
Expressive role supporting: .local/style-central-laws-1/check-PROOF.bend::L.erased_occurrence_preserves_identity requires level 2 on highly_memetic, level 2 on anticipation, level 2 on payoff.
Expressive role supporting: .local/style-central-laws-1/check-PROOF.bend::L.refined_constructor_is_fresh requires level 2 on highly_memetic, level 2 on anticipation, level 2 on payoff.
Composition highly_memetic: below_target (29% at level 3+).
Composition anticipation: below_target (4% at level 3+).
Composition payoff: below_target (14% at level 3+).
Maximally big brain: 6 meet target; 2 below target; 2 uncertain; 0 unavailable.
Delightful to read — high dopamine: 5 meet target; 5 below target; 0 uncertain; 0 unavailable.
Highly memetic: 7 meet target; 1 below target; 2 uncertain; 0 unavailable.
Anticipation: 9 meet target; 0 below target; 1 uncertain; 0 unavailable.
Payoff: 5 meet target; 5 below target; 0 uncertain; 0 unavailable.
below_target: .local/style-central-laws-1/check-PROOF.bend::L.empty_sequence_preserves_uses / delightful_to_read (31% at level 3+)
below_target: .local/style-central-laws-1/check-PROOF.bend::L.empty_sequence_preserves_uses / payoff (25% at level 2+)
below_target: .local/style-central-laws-1/check-PROOF.bend::L.repeated_affine_level / maximally_big_brain (14% at level 3+)
below_target: .local/style-central-laws-1/check-PROOF.bend::L.repeated_affine_level / delightful_to_read (12% at level 3+)
below_target: .local/style-central-laws-1/check-PROOF.bend::L.repeated_affine_level / highly_memetic (21% at level 2+)
uncertain: .local/style-central-laws-1/check-PROOF.bend::L.repeated_affine_level / anticipation (51% at level 2+)
below_target: .local/style-central-laws-1/check-PROOF.bend::L.repeated_affine_level / payoff (12% at level 2+)
below_target: .local/style-central-laws-1/check-PROOF.bend::L.live_erased_occurrence / maximally_big_brain (30% at level 3+)
below_target: .local/style-central-laws-1/check-PROOF.bend::L.live_erased_occurrence / delightful_to_read (19% at level 3+)
uncertain: .local/style-central-laws-1/check-PROOF.bend::L.live_erased_occurrence / highly_memetic (54% at level 2+)
below_target: .local/style-central-laws-1/check-PROOF.bend::L.live_erased_occurrence / payoff (12% at level 2+)
uncertain: .local/style-central-laws-1/check-PROOF.bend::L.erased_occurrence_preserves_identity / maximally_big_brain (53% at level 3+)
below_target: .local/style-central-laws-1/check-PROOF.bend::L.erased_occurrence_preserves_identity / delightful_to_read (34% at level 3+)
below_target: .local/style-central-laws-1/check-PROOF.bend::L.erased_occurrence_preserves_identity / payoff (23% at level 2+)
uncertain: .local/style-central-laws-1/check-PROOF.bend::L.refined_constructor_is_fresh / maximally_big_brain (52% at level 3+)
below_target: .local/style-central-laws-1/check-PROOF.bend::L.refined_constructor_is_fresh / delightful_to_read (34% at level 3+)
uncertain: .local/style-central-laws-1/check-PROOF.bend::L.refined_constructor_is_fresh / highly_memetic (56% at level 2+)
below_target: .local/style-central-laws-1/check-PROOF.bend::L.refined_constructor_is_fresh / payoff (24% at level 2+)

Maximally big brain
1. .local/style-central-laws-1/check-LAWS.bend::live_erased_occurrence
2. .local/style-central-laws-1/check-LAWS.bend::empty_sequence_preserves_uses (near tie above)
3. .local/style-central-laws-1/check-LAWS.bend::erased_occurrence_preserves_identity (near tie above)
4. .local/style-central-laws-1/check-LAWS.bend::refined_constructor_is_fresh (near tie above)
5. .local/style-central-laws-1/check-LAWS.bend::repeated_affine_level (near tie above)
6. .local/style-central-laws-1/check-PROOF.bend::L.empty_sequence_preserves_uses
7. .local/style-central-laws-1/check-PROOF.bend::L.erased_occurrence_preserves_identity
8. .local/style-central-laws-1/check-PROOF.bend::L.refined_constructor_is_fresh (near tie above)
9. .local/style-central-laws-1/check-PROOF.bend::L.live_erased_occurrence
10. .local/style-central-laws-1/check-PROOF.bend::L.repeated_affine_level

Delightful to read — high dopamine
1. .local/style-central-laws-1/check-LAWS.bend::empty_sequence_preserves_uses
1. .local/style-central-laws-1/check-LAWS.bend::live_erased_occurrence (near tie above)
3. .local/style-central-laws-1/check-LAWS.bend::refined_constructor_is_fresh (near tie above)
4. .local/style-central-laws-1/check-LAWS.bend::erased_occurrence_preserves_identity (near tie above)
5. .local/style-central-laws-1/check-LAWS.bend::repeated_affine_level (near tie above)
6. .local/style-central-laws-1/check-PROOF.bend::L.empty_sequence_preserves_uses
7. .local/style-central-laws-1/check-PROOF.bend::L.refined_constructor_is_fresh (near tie above)
8. .local/style-central-laws-1/check-PROOF.bend::L.erased_occurrence_preserves_identity (near tie above)
9. .local/style-central-laws-1/check-PROOF.bend::L.live_erased_occurrence
10. .local/style-central-laws-1/check-PROOF.bend::L.repeated_affine_level

Highly memetic
1. .local/style-central-laws-1/check-LAWS.bend::erased_occurrence_preserves_identity
2. .local/style-central-laws-1/check-LAWS.bend::live_erased_occurrence (near tie above)
3. .local/style-central-laws-1/check-LAWS.bend::empty_sequence_preserves_uses (near tie above)
4. .local/style-central-laws-1/check-LAWS.bend::refined_constructor_is_fresh (near tie above)
5. .local/style-central-laws-1/check-LAWS.bend::repeated_affine_level (near tie above)
6. .local/style-central-laws-1/check-PROOF.bend::L.erased_occurrence_preserves_identity
7. .local/style-central-laws-1/check-PROOF.bend::L.empty_sequence_preserves_uses (near tie above)
8. .local/style-central-laws-1/check-PROOF.bend::L.refined_constructor_is_fresh
9. .local/style-central-laws-1/check-PROOF.bend::L.live_erased_occurrence (near tie above)
10. .local/style-central-laws-1/check-PROOF.bend::L.repeated_affine_level

Anticipation (required at the expressive-role target)
.local/style-central-laws-1/check-LAWS.bend::empty_sequence_preserves_uses: 2.02/4 [limited context] [required]
.local/style-central-laws-1/check-LAWS.bend::repeated_affine_level: 1.89/4 [limited context] [required]
.local/style-central-laws-1/check-LAWS.bend::live_erased_occurrence: 2.04/4 [limited context] [required]
.local/style-central-laws-1/check-LAWS.bend::erased_occurrence_preserves_identity: 1.98/4 [limited context] [required]
.local/style-central-laws-1/check-LAWS.bend::refined_constructor_is_fresh: 1.87/4 [limited context] [required]
.local/style-central-laws-1/check-PROOF.bend::L.empty_sequence_preserves_uses: 1.90/4 [required]
.local/style-central-laws-1/check-PROOF.bend::L.repeated_affine_level: 1.36/4 [required]
.local/style-central-laws-1/check-PROOF.bend::L.live_erased_occurrence: 1.55/4 [required]
.local/style-central-laws-1/check-PROOF.bend::L.erased_occurrence_preserves_identity: 1.73/4 [required]
.local/style-central-laws-1/check-PROOF.bend::L.refined_constructor_is_fresh: 1.63/4 [required]

Payoff (required at the expressive-role target)
.local/style-central-laws-1/check-LAWS.bend::empty_sequence_preserves_uses: 2.03/4 [limited context] [required]
.local/style-central-laws-1/check-LAWS.bend::repeated_affine_level: 1.90/4 [limited context] [required]
.local/style-central-laws-1/check-LAWS.bend::live_erased_occurrence: 1.97/4 [limited context] [required]
.local/style-central-laws-1/check-LAWS.bend::erased_occurrence_preserves_identity: 1.97/4 [limited context] [required]
.local/style-central-laws-1/check-LAWS.bend::refined_constructor_is_fresh: 2.04/4 [limited context] [required]
.local/style-central-laws-1/check-PROOF.bend::L.empty_sequence_preserves_uses: 0.58/4 [required]
.local/style-central-laws-1/check-PROOF.bend::L.repeated_affine_level: 0.30/4 [required]
.local/style-central-laws-1/check-PROOF.bend::L.live_erased_occurrence: 0.28/4 [required]
.local/style-central-laws-1/check-PROOF.bend::L.erased_occurrence_preserves_identity: 0.57/4 [required]
.local/style-central-laws-1/check-PROOF.bend::L.refined_constructor_is_fresh: 0.55/4 [required]

Advisory taste ranking; 10 parsed units; jev-1.13.0. Receipt: .perch/usage/2026-09-27T17-11-38.573Z-0e19bbdb-db77-477d-bf47-0d6c57ad2d78.json
